[next-sass-html.vercel.app/index.html]
[backblue.gif]
[fade.gif]
[index.html]
[next-sass-html.vercel.app/favicon-96x96.png]
[next-sass-html.vercel.app/favicon.svg]
[next-sass-html.vercel.app/favicon.ico]
[next-sass-html.vercel.app/apple-touch-icon.png]
[next-sass-html.vercel.app/site.webmanifest]
[next-sass-html.vercel.app/assets/main.css]
[next-sass-html.vercel.app/financial-management-platform.html]
[next-sass-html.vercel.app/images/shared/main-logo.svg]
[next-sass-html.vercel.app/images/shared/logo.svg]
[next-sass-html.vercel.app/financial-management-platform-about.html]
[next-sass-html.vercel.app/financial-management-platform-team.html]
[next-sass-html.vercel.app/financial-management-platform-career.html]
[next-sass-html.vercel.app/financial-management-platform-features.html]
[next-sass-html.vercel.app/financial-management-platform-integration.html]
[next-sass-html.vercel.app/financial-management-platform-process.html]
[next-sass-html.vercel.app/financial-management-platform-press.html]
[next-sass-html.vercel.app/financial-management-platform-services.html]
[next-sass-html.vercel.app/financial-management-platform-blog.html]
[next-sass-html.vercel.app/financial-management-platform-faq.html]
[next-sass-html.vercel.app/financial-management-platform-tutorial.html]
[next-sass-html.vercel.app/financial-management-platform-pricing.html]
[next-sass-html.vercel.app/financial-management-platform-login.html]
[next-sass-html.vercel.app/financial-management-platform-signup.html]
[next-sass-html.vercel.app/financial-management-platform-contact.html]
[next-sass-html.vercel.app/financial-management-platform-testimonial.html]
[next-sass-html.vercel.app/financial-management-platform-customer.html]
[next-sass-html.vercel.app/financial-management-platform-affiliates.html]
[next-sass-html.vercel.app/financial-management-platform-analytics.html]
[next-sass-html.vercel.app/financial-management-platform-whitepaper.html]
[next-sass-html.vercel.app/financial-management-platform-glossary.html]
[next-sass-html.vercel.app/financial-management-platform-changelog.html]
[next-sass-html.vercel.app/financial-management-platform-download.html]
[next-sass-html.vercel.app/financial-management-platform-terms-conditions.html]
[next-sass-html.vercel.app/financial-management-platform-privacy-policy.html]
[next-sass-html.vercel.app/financial-management-platform-refund-policy.html]
[next-sass-html.vercel.app/financial-management-platform-gdpr.html]
[next-sass-html.vercel.app/financial-management-platform-legal.html]
[next-sass-html.vercel.app/financial-management-platform-referral-program.html]
[next-sass-html.vercel.app/financial-management-platform-security.html]
[next-sass-html.vercel.app/images/ns-avatar-1.png]
[next-sass-html.vercel.app/images/ns-avatar-2.png]
[next-sass-html.vercel.app/images/ns-avatar-3.png]
[next-sass-html.vercel.app/images/ns-img-579.png]
[next-sass-html.vercel.app/images/icons/scapic-logo.svg]
[next-sass-html.vercel.app/images/icons/notion.svg]
[next-sass-html.vercel.app/images/icons/lattice-logo.svg]
[next-sass-html.vercel.app/images/icons/discord-logo.svg]
[next-sass-html.vercel.app/images/icons/spotify-logo.svg]
[next-sass-html.vercel.app/images/icons/asana.svg]
[next-sass-html.vercel.app/images/icons/squarespace-logo.svg]
[next-sass-html.vercel.app/images/ns-img-561.png]
[next-sass-html.vercel.app/images/ns-img-577.png]
[next-sass-html.vercel.app/images/ns-img-576.png]
[next-sass-html.vercel.app/images/ns-img-578.png]
[next-sass-html.vercel.app/images/ns-img-575.png]
[next-sass-html.vercel.app/images/ns-img-562.png]
[next-sass-html.vercel.app/images/ns-img-563.png]
[next-sass-html.vercel.app/images/ns-img-564.png]
[next-sass-html.vercel.app/images/ns-img-565.svg]
[next-sass-html.vercel.app/images/ns-img-566.svg]
[next-sass-html.vercel.app/images/ns-img-567.svg]
[next-sass-html.vercel.app/images/ns-img-569.svg]
[next-sass-html.vercel.app/images/ns-img-570.svg]
[next-sass-html.vercel.app/images/ns-img-573.svg]
[next-sass-html.vercel.app/images/ns-avatar-28.png]
[next-sass-html.vercel.app/images/ns-avatar-29.png]
[next-sass-html.vercel.app/images/ns-avatar-30.png]
[next-sass-html.vercel.app/images/ns-avatar-31.png]
[next-sass-html.vercel.app/images/ns-avatar-33.png]
[next-sass-html.vercel.app/images/ns-avatar-34.png]
[next-sass-html.vercel.app/images/ns-avatar-35.png]
[next-sass-html.vercel.app/images/ns-avatar-36.png]
[next-sass-html.vercel.app/images/badge/badge-6.svg]
[next-sass-html.vercel.app/images/badge/badge-7.svg]
[next-sass-html.vercel.app/images/badge/badge-8.svg]
[next-sass-html.vercel.app/images/badge/badge-9.svg]
[next-sass-html.vercel.app/images/badge/badge-10.svg]
[next-sass-html.vercel.app/financial-management-platform-blog-details.html]
[next-sass-html.vercel.app/images/ns-img-472.png]
[next-sass-html.vercel.app/images/ns-img-473.png]
[next-sass-html.vercel.app/images/ns-img-474.png]
[next-sass-html.vercel.app/images/shared/dark-logo.svg]
[next-sass-html.vercel.app/images/icons/facebook.svg]
[next-sass-html.vercel.app/images/icons/linkedin.svg]
[next-sass-html.vercel.app/images/icons/dribbble.svg]
[next-sass-html.vercel.app/images/icons/behance.svg]
[next-sass-html.vercel.app/financial-management-platform-why-choose-us.html]
[next-sass-html.vercel.app/financial-management-platform-success-stories.html]
[nextsaas-api.vercel.app/api/html968c.json]
[next-sass-html.vercel.app/vendor/swiper.min.js]
[next-sass-html.vercel.app/vendor/leaflet.min.js]
[next-sass-html.vercel.app/vendor/vanilla-infinite-marquee.min.js]
[next-sass-html.vercel.app/vendor/split-text.min.js]
[next-sass-html.vercel.app/vendor/gsap.min.js]
[next-sass-html.vercel.app/vendor/scroll-trigger.min.js]
[next-sass-html.vercel.app/vendor/draw-svg.min.js]
[next-sass-html.vercel.app/vendor/motionpathplugin.min.js]
[next-sass-html.vercel.app/vendor/lenis.min.js]
[next-sass-html.vercel.app/vendor/springer.min.js]
[next-sass-html.vercel.app/vendor/number-counter.js]
[next-sass-html.vercel.app/vendor/stack-card.min.js]
[next-sass-html.vercel.app/index.html]
[next-sass-html.vercel.app/favicon.svg]
[next-sass-html.vercel.app/assets/main.js]
[next-sass-html.vercel.app/fonts/next-sass8d53.eot]
[next-sass-html.vercel.app/fonts/next-sass8d53.ttf]
[next-sass-html.vercel.app/fonts/next-sass8d53.woff]
[next-sass-html.vercel.app/fonts/next-sass8d53.svg]
[next-sass-html.vercel.app/images/ns-img-25.png]
[next-sass-html.vercel.app/images/ns-img-26.jpg]
[next-sass-html.vercel.app/images/ns-img-55.svg]
[next-sass-html.vercel.app/images/ns-img-85.png]
[next-sass-html.vercel.app/images/ns-img-160.png]
[next-sass-html.vercel.app/images/ns-img-170.png]
[next-sass-html.vercel.app/images/ns-img-218.svg]
[next-sass-html.vercel.app/images/ns-img-128.svg]
[next-sass-html.vercel.app/images/ns-img-221.png]
[next-sass-html.vercel.app/images/ns-img-223.png]
[next-sass-html.vercel.app/images/ns-img-242.png]
[next-sass-html.vercel.app/images/ns-img-247.svg]
[next-sass-html.vercel.app/images/ns-img-291.png]
[next-sass-html.vercel.app/images/ns-img-295.jpg]
[next-sass-html.vercel.app/images/ns-img-329.png]
[next-sass-html.vercel.app/images/ns-img-261.svg]
[next-sass-html.vercel.app/images/ns-img-496.png]
[next-sass-html.vercel.app/images/ns-img-501.png]
[next-sass-html.vercel.app/images/ns-img-527.png]
[next-sass-html.vercel.app/images/ns-img-375.jpg]
[next-sass-html.vercel.app/images/ns-img-219.png]
[next-sass-html.vercel.app/images/ns-img-dark-10.png]
[next-sass-html.vercel.app/images/ns-img-dark-34.svg]
[next-sass-html.vercel.app/images/ns-img-dark-148.svg]
[next-sass-html.vercel.app/assets/vendor/images/layers.8e.delayed]
[next-sass-html.vercel.app/images/ns-img-dark-97.svg]
[next-sass-html.vercel.app/assets/vendor/images/layers-2x.8f.delayed]
[next-sass-html.vercel.app/assets/vendor/images/marker-icon.90.delayed]
[next-sass-html.vercel.app/assets/main.css]
[next-sass-html.vercel.app/financial-management-platform.html]
[next-sass-html.vercel.app/images/shared/main-logo.svg]
[next-sass-html.vercel.app/images/shared/logo.svg]
[next-sass-html.vercel.app/images/ns-img-362.svg]
[next-sass-html.vercel.app/images/ns-img-dark-209.svg]
[next-sass-html.vercel.app/images/ns-img-363.png]
[next-sass-html.vercel.app/images/ns-img-364.png]
[next-sass-html.vercel.app/images/ns-img-365.png]
[next-sass-html.vercel.app/images/ns-img-66.svg]
[next-sass-html.vercel.app/images/ns-img-366.png]
[next-sass-html.vercel.app/images/ns-img-dark-210.png]
[next-sass-html.vercel.app/images/ns-author-avatar-bg.png]
[next-sass-html.vercel.app/images/ns-img-124.png]
[next-sass-html.vercel.app/images/ns-img-dark-93.png]
[next-sass-html.vercel.app/images/ns-img-359.png]
[next-sass-html.vercel.app/images/ns-img-360.png]
[next-sass-html.vercel.app/images/ns-img-361.png]
[next-sass-html.vercel.app/images/ns-img-14.png]
[next-sass-html.vercel.app/financial-management-platform-team-details.html]
[next-sass-html.vercel.app/images/ns-avatar-4.png]
[next-sass-html.vercel.app/images/ns-avatar-5.png]
[next-sass-html.vercel.app/images/ns-avatar-6.png]
[next-sass-html.vercel.app/images/ns-img-499.png]
[next-sass-html.vercel.app/financial-management-platform-about.html]
[next-sass-html.vercel.app/images/icons/users.svg]
[next-sass-html.vercel.app/images/icons/trustpilot-logo.svg]
[next-sass-html.vercel.app/images/ns-img-52.png]
[next-sass-html.vercel.app/images/ns-img-dark-31.png]
[next-sass-html.vercel.app/financial-management-platform-team.html]
[next-sass-html.vercel.app/images/ns-img-379.png]
[next-sass-html.vercel.app/images/ns-img-67.png]
[next-sass-html.vercel.app/images/ns-img-dark-44.png]
[next-sass-html.vercel.app/images/ns-img-68.png]
[next-sass-html.vercel.app/images/ns-img-dark-45.png]
[next-sass-html.vercel.app/images/ns-img-69.png]
[next-sass-html.vercel.app/images/ns-img-dark-46.png]
[next-sass-html.vercel.app/images/ns-img-70.png]
[next-sass-html.vercel.app/images/ns-img-dark-47.png]
[next-sass-html.vercel.app/images/ns-img-71.png]
[next-sass-html.vercel.app/images/ns-img-dark-48.png]
[next-sass-html.vercel.app/images/ns-img-72.png]
[next-sass-html.vercel.app/images/ns-img-dark-49.png]
[next-sass-html.vercel.app/financial-management-platform-career.html]
[next-sass-html.vercel.app/financial-management-platform-career-details.html]
[next-sass-html.vercel.app/images/ns-img-73.png]
[next-sass-html.vercel.app/images/ns-img-356.png]
[next-sass-html.vercel.app/financial-management-platform-features.html]
[next-sass-html.vercel.app/images/icons/google-meet.svg]
[next-sass-html.vercel.app/images/icons/gmail.svg]
[next-sass-html.vercel.app/images/icons/confluence.svg]
[next-sass-html.vercel.app/images/icons/vl.svg]
[next-sass-html.vercel.app/images/icons/vl-white.svg]
[next-sass-html.vercel.app/images/icons/edge.svg]
[next-sass-html.vercel.app/images/icons/slack.svg]
[next-sass-html.vercel.app/images/icons/snapchat.svg]
[next-sass-html.vercel.app/images/icons/google.svg]
[next-sass-html.vercel.app/images/icons/ms_yammer.svg]
[next-sass-html.vercel.app/financial-management-platform-integration.html]
[next-sass-html.vercel.app/financial-management-platform-process.html]
[next-sass-html.vercel.app/images/ns-img-390.jpg]
[next-sass-html.vercel.app/images/badge/badge-1.svg]
[next-sass-html.vercel.app/images/badge/badge-2.svg]
[next-sass-html.vercel.app/images/badge/badge-3.svg]
[next-sass-html.vercel.app/images/badge/badge-4.svg]
[next-sass-html.vercel.app/financial-management-platform-press.html]
[next-sass-html.vercel.app/images/badge/badge-5.svg]
[next-sass-html.vercel.app/financial-management-platform-service-details.html]
[next-sass-html.vercel.app/images/ns-img-57.png]
[next-sass-html.vercel.app/images/ns-img-dark-35.png]
[next-sass-html.vercel.app/images/ns-img-58.svg]
[next-sass-html.vercel.app/images/ns-img-dark-36.svg]
[next-sass-html.vercel.app/images/ns-img-59.svg]
[next-sass-html.vercel.app/financial-management-platform-services.html]
[next-sass-html.vercel.app/images/ns-img-dark-37.svg]
[next-sass-html.vercel.app/images/ns-img-492.png]
[next-sass-html.vercel.app/images/ns-img-465.png]
[next-sass-html.vercel.app/images/ns-img-428.png]
[next-sass-html.vercel.app/images/ns-img-459.png]
[next-sass-html.vercel.app/images/ns-img-460.png]
[next-sass-html.vercel.app/images/ns-img-461.png]
[next-sass-html.vercel.app/images/ns-img-462.png]
[next-sass-html.vercel.app/images/ns-img-463.png]
[next-sass-html.vercel.app/financial-management-platform-blog.html]
[next-sass-html.vercel.app/financial-management-platform-faq.html]
[next-sass-html.vercel.app/images/ns-img-385.png]
[next-sass-html.vercel.app/images/ns-img-386.png]
[next-sass-html.vercel.app/images/ns-img-387.png]
[next-sass-html.vercel.app/images/ns-img-388.png]
[next-sass-html.vercel.app/images/ns-img-516.png]
[next-sass-html.vercel.app/images/ns-img-508.png]
[next-sass-html.vercel.app/financial-management-platform-tutorial.html]
[next-sass-html.vercel.app/images/ns-img-30.png]
[next-sass-html.vercel.app/images/ns-img-dark-11.png]
[next-sass-html.vercel.app/images/ns-img-36.png]
[next-sass-html.vercel.app/images/ns-img-dark-17.png]
[next-sass-html.vercel.app/images/ns-img-37.png]
[next-sass-html.vercel.app/images/ns-img-dark-18.png]
[next-sass-html.vercel.app/images/ns-img-38.png]
[next-sass-html.vercel.app/images/ns-img-dark-19.png]
[next-sass-html.vercel.app/images/ns-img-39.png]
[next-sass-html.vercel.app/images/ns-img-dark-20.png]
[next-sass-html.vercel.app/images/ns-img-40.png]
[next-sass-html.vercel.app/images/ns-img-dark-21.png]
[next-sass-html.vercel.app/images/ns-img-41.png]
[next-sass-html.vercel.app/images/ns-img-dark-22.png]
[next-sass-html.vercel.app/financial-management-platform-pricing.html]
[next-sass-html.vercel.app/images/ns-img-372.jpg]
[next-sass-html.vercel.app/financial-management-platform-login.html]
[next-sass-html.vercel.app/images/ns-img-373.jpg]
[next-sass-html.vercel.app/financial-management-platform-signup.html]
[next-sass-html.vercel.app/images/ns-img-510.png]
[next-sass-html.vercel.app/images/icons/home.svg]
[next-sass-html.vercel.app/images/ns-img-509.png]
[next-sass-html.vercel.app/images/icons/mail-open.svg]
[next-sass-html.vercel.app/images/ns-img-498.png]
[next-sass-html.vercel.app/images/icons/phone-right.svg]
[next-sass-html.vercel.app/financial-management-platform-contact.html]
[next-sass-html.vercel.app/images/ns-avatar-10.png]
[next-sass-html.vercel.app/images/ns-avatar-13.png]
[next-sass-html.vercel.app/images/ns-avatar-14.png]
[next-sass-html.vercel.app/financial-management-platform-testimonial.html]
[next-sass-html.vercel.app/images/icons/stripe.svg]
[next-sass-html.vercel.app/images/icons/stripe-dark.svg]
[next-sass-html.vercel.app/financial-management-platform-customer-details.html]
[next-sass-html.vercel.app/images/icons/notion-v2.svg]
[next-sass-html.vercel.app/images/icons/notion-v2-dark.svg]
[next-sass-html.vercel.app/images/icons/dropbox-v2.svg]
[next-sass-html.vercel.app/images/icons/dropbox-v2-dark.svg]
[next-sass-html.vercel.app/images/icons/squarespace.svg]
[next-sass-html.vercel.app/images/icons/squarespace-dark.svg]
[next-sass-html.vercel.app/images/icons/scapic.svg]
[next-sass-html.vercel.app/images/icons/scapic-dark.svg]
[next-sass-html.vercel.app/images/icons/discord.svg]
[next-sass-html.vercel.app/images/icons/discord-dark.svg]
[next-sass-html.vercel.app/images/icons/hotjar.svg]
[next-sass-html.vercel.app/images/icons/hotjar-dark.svg]
[next-sass-html.vercel.app/images/icons/lattice.svg]
[next-sass-html.vercel.app/images/icons/lattice-dark.svg]
[next-sass-html.vercel.app/images/icons/spotify.svg]
[next-sass-html.vercel.app/images/icons/spotify-dark.svg]
[next-sass-html.vercel.app/images/icons/asana-v2.svg]
[next-sass-html.vercel.app/financial-management-platform-customer.html]
[next-sass-html.vercel.app/images/ns-img-371.png]
[next-sass-html.vercel.app/financial-management-platform-affiliates.html]
[next-sass-html.vercel.app/images/ns-img-77.png]
[next-sass-html.vercel.app/images/ns-img-dark-52.png]
[next-sass-html.vercel.app/images/ns-img-78.png]
[next-sass-html.vercel.app/images/ns-img-79.png]
[next-sass-html.vercel.app/images/ns-img-dark-53.png]
[next-sass-html.vercel.app/images/ns-img-367.png]
[next-sass-html.vercel.app/images/ns-img-368.png]
[next-sass-html.vercel.app/images/ns-img-369.png]
[next-sass-html.vercel.app/financial-management-platform-analytics.html]
[next-sass-html.vercel.app/financial-management-platform-whitepaper-details.html]
[next-sass-html.vercel.app/images/ns-img-405.jpg]
[next-sass-html.vercel.app/images/ns-img-406.jpg]
[next-sass-html.vercel.app/images/ns-img-407.jpg]
[next-sass-html.vercel.app/images/ns-img-408.jpg]
[next-sass-html.vercel.app/images/ns-img-409.jpg]
[next-sass-html.vercel.app/images/ns-img-410.jpg]
[next-sass-html.vercel.app/images/ns-img-411.jpg]
[next-sass-html.vercel.app/images/ns-img-412.jpg]
[next-sass-html.vercel.app/images/ns-img-413.jpg]
[next-sass-html.vercel.app/images/ns-img-414.jpg]
[next-sass-html.vercel.app/images/ns-img-415.jpg]
[next-sass-html.vercel.app/images/ns-img-416.jpg]
[next-sass-html.vercel.app/images/ns-img-417.jpg]
[next-sass-html.vercel.app/images/icons/client-logo-1.svg]
[next-sass-html.vercel.app/images/icons/client-logo-dark-1.svg]
[next-sass-html.vercel.app/images/icons/client-logo-2.svg]
[next-sass-html.vercel.app/images/icons/client-logo-dark-2.svg]
[next-sass-html.vercel.app/images/icons/client-logo-3.svg]
[next-sass-html.vercel.app/images/icons/client-logo-dark-3.svg]
[next-sass-html.vercel.app/images/icons/client-logo-4.svg]
[next-sass-html.vercel.app/images/icons/client-logo-dark-4.svg]
[next-sass-html.vercel.app/images/icons/client-logo-5.svg]
[next-sass-html.vercel.app/images/icons/client-logo-dark-5.svg]
[next-sass-html.vercel.app/financial-management-platform-whitepaper.html]
[next-sass-html.vercel.app/financial-management-platform-glossary.html]
[next-sass-html.vercel.app/images/ns-img-381.jpg]
[next-sass-html.vercel.app/images/ns-img-382.jpg]
[next-sass-html.vercel.app/images/ns-img-383.jpg]
[next-sass-html.vercel.app/financial-management-platform-changelog.html]
[next-sass-html.vercel.app/images/ns-img-384.png]
[next-sass-html.vercel.app/financial-management-platform-download.html]
[next-sass-html.vercel.app/financial-management-platform-terms-conditions.html]
[next-sass-html.vercel.app/images/ns-img-391.png]
[next-sass-html.vercel.app/financial-management-platform-privacy-policy.html]
[next-sass-html.vercel.app/financial-management-platform-refund-policy.html]
[next-sass-html.vercel.app/financial-management-platform-gdpr.html]
[next-sass-html.vercel.app/financial-management-platform-legal.html]
[next-sass-html.vercel.app/images/ns-avatar-15.png]
[next-sass-html.vercel.app/images/ns-avatar-17.png]
[next-sass-html.vercel.app/images/ns-avatar-21.png]
[next-sass-html.vercel.app/images/ns-avatar-22.png]
[next-sass-html.vercel.app/images/ns-avatar-23.png]
[next-sass-html.vercel.app/images/ns-avatar-16.png]
[next-sass-html.vercel.app/financial-management-platform-referral-program.html]
[next-sass-html.vercel.app/financial-management-platform-security.html]
[next-sass-html.vercel.app/images/icons/scapic-logo.svg]
[next-sass-html.vercel.app/images/icons/notion.svg]
[next-sass-html.vercel.app/images/icons/lattice-logo.svg]
[next-sass-html.vercel.app/images/icons/hotjar-logo.svg]
[next-sass-html.vercel.app/images/icons/discord-logo.svg]
[next-sass-html.vercel.app/images/icons/dropbox.svg]
[next-sass-html.vercel.app/images/icons/stripe-logo.svg]
[next-sass-html.vercel.app/images/icons/spotify-logo.svg]
[next-sass-html.vercel.app/images/icons/outreach-logo.svg]
[next-sass-html.vercel.app/images/icons/asana.svg]
[next-sass-html.vercel.app/images/icons/squarespace-logo.svg]
[next-sass-html.vercel.app/images/ns-img-565.svg]
[next-sass-html.vercel.app/images/ns-img-571.svg]
[next-sass-html.vercel.app/images/ns-img-566.svg]
[next-sass-html.vercel.app/images/ns-img-567.svg]
[next-sass-html.vercel.app/images/ns-img-568.svg]
[next-sass-html.vercel.app/images/ns-img-569.svg]
[next-sass-html.vercel.app/images/ns-img-574.svg]
[next-sass-html.vercel.app/images/ns-img-570.svg]
[next-sass-html.vercel.app/images/ns-img-572.svg]
[next-sass-html.vercel.app/images/ns-img-573.svg]
[next-sass-html.vercel.app/images/badge/badge-6.svg]
[next-sass-html.vercel.app/images/badge/badge-7.svg]
[next-sass-html.vercel.app/images/badge/badge-8.svg]
[next-sass-html.vercel.app/images/badge/badge-9.svg]
[next-sass-html.vercel.app/images/badge/badge-10.svg]
[next-sass-html.vercel.app/images/ns-img-464.png]
[next-sass-html.vercel.app/financial-management-platform-blog-details.html]
[next-sass-html.vercel.app/images/shared/dark-logo.svg]
[next-sass-html.vercel.app/images/icons/facebook.svg]
[next-sass-html.vercel.app/images/icons/instagram.svg]
[next-sass-html.vercel.app/images/icons/youtube.svg]
[next-sass-html.vercel.app/images/icons/linkedin.svg]
[next-sass-html.vercel.app/images/icons/dribbble.svg]
[next-sass-html.vercel.app/images/icons/behance.svg]
[next-sass-html.vercel.app/images/ns-img-208.png]
[next-sass-html.vercel.app/images/ns-img-dark-141.png]
[next-sass-html.vercel.app/images/ns-img-418.jpg]
[next-sass-html.vercel.app/images/ns-img-336.svg]
[next-sass-html.vercel.app/images/ns-img-337.svg]
[next-sass-html.vercel.app/financial-management-platform-why-choose-us.html]
[next-sass-html.vercel.app/images/icons/scapic-metal.svg]
[next-sass-html.vercel.app/images/icons/asana-metal.svg]
[next-sass-html.vercel.app/images/icons/discord-metal.svg]
[next-sass-html.vercel.app/images/icons/dropbox-metal.svg]
[next-sass-html.vercel.app/images/icons/hotjar-metal.svg]
[next-sass-html.vercel.app/images/icons/lattice-metal.svg]
[next-sass-html.vercel.app/images/icons/notion-metal.svg]
[next-sass-html.vercel.app/images/icons/outreach-metal.svg]
[next-sass-html.vercel.app/images/icons/spotify-metal.svg]
[next-sass-html.vercel.app/images/icons/squarespace-metal.svg]
[next-sass-html.vercel.app/images/icons/stripe-metal.svg]
[next-sass-html.vercel.app/images/ns-avatar-20.png]
[next-sass-html.vercel.app/financial-management-platform-success-stories.html]
[next-sass-html.vercel.app/fonts/next-sass8d53.svg]
[next-sass-html.vercel.app/images/icons/checkmark-white.svg]
[next-sass-html.vercel.app/images/ns-img-55.svg]
[next-sass-html.vercel.app/images/ns-img-128.svg]
[next-sass-html.vercel.app/images/ns-img-218.svg]
[next-sass-html.vercel.app/images/ns-img-247.svg]
[next-sass-html.vercel.app/images/ns-img-261.svg]
[next-sass-html.vercel.app/images/ns-img-dark-34.svg]
[next-sass-html.vercel.app/images/ns-img-dark-97.svg]
[next-sass-html.vercel.app/images/ns-img-dark-148.svg]
[next-sass-html.vercel.app/assets/vendor/images/404.html]
[next-sass-html.vercel.app/assets/vendor/images/404-2.html]
[next-sass-html.vercel.app/assets/vendor/images/404-3.html]
[next-sass-html.vercel.app/images/ns-img-362.svg]
[next-sass-html.vercel.app/images/ns-img-dark-209.svg]
[next-sass-html.vercel.app/images/ns-img-66.svg]
[next-sass-html.vercel.app/financial-management-platform-team-details.html]
[next-sass-html.vercel.app/images/icons/check-circle.svg]
[next-sass-html.vercel.app/images/icons/users.svg]
[next-sass-html.vercel.app/images/icons/thumbs-up.svg]
[next-sass-html.vercel.app/images/icons/trustpilot-logo.svg]
[next-sass-html.vercel.app/images/ns-img-389.png]
[next-sass-html.vercel.app/images/ns-img-533.png]
[next-sass-html.vercel.app/financial-management-platform-career-details.html]
[next-sass-html.vercel.app/images/icons/google-meet.svg]
[next-sass-html.vercel.app/images/icons/gmail.svg]
[next-sass-html.vercel.app/images/icons/marvel.svg]
[next-sass-html.vercel.app/images/icons/confluence.svg]
[next-sass-html.vercel.app/images/icons/framer.svg]
[next-sass-html.vercel.app/images/icons/vl.svg]
[next-sass-html.vercel.app/images/icons/vl-white.svg]
[next-sass-html.vercel.app/images/icons/edge.svg]
[next-sass-html.vercel.app/images/icons/slack.svg]
[next-sass-html.vercel.app/images/icons/snapchat.svg]
[next-sass-html.vercel.app/images/icons/google.svg]
[next-sass-html.vercel.app/images/icons/ms_yammer.svg]
[next-sass-html.vercel.app/images/icons/microsoft.svg]
[next-sass-html.vercel.app/images/icons/figma.svg]
[next-sass-html.vercel.app/images/badge/badge-1.svg]
[next-sass-html.vercel.app/images/badge/badge-2.svg]
[next-sass-html.vercel.app/images/badge/badge-3.svg]
[next-sass-html.vercel.app/images/badge/badge-4.svg]
[next-sass-html.vercel.app/images/badge/badge-5.svg]
[next-sass-html.vercel.app/images/ns-img-397.png]
[next-sass-html.vercel.app/images/ns-img-398.png]
[next-sass-html.vercel.app/images/ns-img-399.jpg]
[next-sass-html.vercel.app/images/ns-img-dark-216.jpg]
[next-sass-html.vercel.app/financial-management-platform-service-details.html]
[next-sass-html.vercel.app/images/ns-img-58.svg]
[next-sass-html.vercel.app/images/ns-img-dark-36.svg]
[next-sass-html.vercel.app/images/ns-img-59.svg]
[next-sass-html.vercel.app/images/ns-img-dark-37.svg]
[next-sass-html.vercel.app/images/icons/facebook-v2.svg]
[next-sass-html.vercel.app/images/icons/apple.svg]
[next-sass-html.vercel.app/images/icons/home.svg]
[next-sass-html.vercel.app/images/icons/mail-open.svg]
[next-sass-html.vercel.app/images/icons/phone-right.svg]
[next-sass-html.vercel.app/images/icons/stripe.svg]
[next-sass-html.vercel.app/images/icons/stripe-dark.svg]
[next-sass-html.vercel.app/images/ns-avatar-18.png]
[next-sass-html.vercel.app/financial-management-platform-customer-details.html]
[next-sass-html.vercel.app/images/icons/notion-v2.svg]
[next-sass-html.vercel.app/images/icons/notion-v2-dark.svg]
[next-sass-html.vercel.app/images/icons/dropbox-v2.svg]
[next-sass-html.vercel.app/images/icons/dropbox-v2-dark.svg]
[next-sass-html.vercel.app/images/icons/squarespace.svg]
[next-sass-html.vercel.app/images/icons/squarespace-dark.svg]
[next-sass-html.vercel.app/images/icons/scapic.svg]
[next-sass-html.vercel.app/images/icons/scapic-dark.svg]
[next-sass-html.vercel.app/images/icons/discord.svg]
[next-sass-html.vercel.app/images/icons/discord-dark.svg]
[next-sass-html.vercel.app/images/icons/hotjar.svg]
[next-sass-html.vercel.app/images/icons/hotjar-dark.svg]
[next-sass-html.vercel.app/images/icons/lattice.svg]
[next-sass-html.vercel.app/images/icons/lattice-dark.svg]
[next-sass-html.vercel.app/images/icons/spotify.svg]
[next-sass-html.vercel.app/images/icons/spotify-dark.svg]
[next-sass-html.vercel.app/images/icons/asana-v2.svg]
[next-sass-html.vercel.app/images/ns-img-404.jpg]
[next-sass-html.vercel.app/financial-management-platform-whitepaper-details.html]
[next-sass-html.vercel.app/images/icons/client-logo-1.svg]
[next-sass-html.vercel.app/images/icons/client-logo-dark-1.svg]
[next-sass-html.vercel.app/images/icons/client-logo-2.svg]
[next-sass-html.vercel.app/images/icons/client-logo-dark-2.svg]
[next-sass-html.vercel.app/images/icons/client-logo-3.svg]
[next-sass-html.vercel.app/images/icons/client-logo-dark-3.svg]
[next-sass-html.vercel.app/images/icons/client-logo-4.svg]
[next-sass-html.vercel.app/images/icons/client-logo-dark-4.svg]
[next-sass-html.vercel.app/images/icons/client-logo-5.svg]
[next-sass-html.vercel.app/images/icons/client-logo-dark-5.svg]
[next-sass-html.vercel.app/images/ns-img-336.svg]
[next-sass-html.vercel.app/images/ns-img-337.svg]
[next-sass-html.vercel.app/images/icons/scapic-metal.svg]
[next-sass-html.vercel.app/images/icons/asana-metal.svg]
[next-sass-html.vercel.app/images/icons/discord-metal.svg]
[next-sass-html.vercel.app/images/icons/dropbox-metal.svg]
[next-sass-html.vercel.app/images/icons/hotjar-metal.svg]
[next-sass-html.vercel.app/images/icons/lattice-metal.svg]
[next-sass-html.vercel.app/images/icons/notion-metal.svg]
[next-sass-html.vercel.app/images/icons/outreach-metal.svg]
[next-sass-html.vercel.app/images/icons/spotify-metal.svg]
[next-sass-html.vercel.app/images/icons/squarespace-metal.svg]
[next-sass-html.vercel.app/images/icons/stripe-metal.svg]
